
 Fri Dec 01 2023 20:10:49 GMT+0200 (Eastern European Standard Time) || error serving file || C:\Users\Ashraf\Desktop\Training\http-vanilla-server\views\404.html	 C:\Users\Ashraf\Desktop\Training\http-vanilla-server\views\404.html 	 Message: TypeError: fs.readFileSnc is not a function
 Fri Dec 01 2023 20:10:58 GMT+0200 (Eastern European Standard Time) || error serving file || C:\Users\Ashraf\Desktop\Training\http-vanilla-server\views\404.html	 C:\Users\Ashraf\Desktop\Training\http-vanilla-server\views\404.html 	 Message: TypeError: fs.readFileSnc is not a function
 Fri Dec 01 2023 20:11:34 GMT+0200 (Eastern European Standard Time) || error serving file || C:\Users\Ashraf\Desktop\Training\http-vanilla-server\views\404.html	 C:\Users\Ashraf\Desktop\Training\http-vanilla-server\views\404.html 	 Message: TypeError: fs.readFileSnc is not a function
 Fri Dec 01 2023 20:11:52 GMT+0200 (Eastern European Standard Time) || error serving file || C:\Users\Ashraf\Desktop\Training\http-vanilla-server\views\404.html	 C:\Users\Ashraf\Desktop\Training\http-vanilla-server\views\404.html 	 Message: TypeError: fs.readFileSnc is not a function
 Fri Dec 01 2023 20:12:13 GMT+0200 (Eastern European Standard Time) || error serving file || C:\Users\Ashraf\Desktop\Training\http-vanilla-server\views\404.html	 C:\Users\Ashraf\Desktop\Training\http-vanilla-server\views\404.html 	 Message: TypeError: fs.readFileSnc is not a function